Archive member included because of file (symbol)

c:/program files (x86)/gnu tools arm embedded/4.8 2014q1/bin/../lib/gcc/arm-none-eabi/4.8.3/armv6-m\libgcc.a(_udivsi3.o)
                              ./system/src/kl25-sc/mcg.o (__aeabi_uidiv)
c:/program files (x86)/gnu tools arm embedded/4.8 2014q1/bin/../lib/gcc/arm-none-eabi/4.8.3/armv6-m\libgcc.a(_divsi3.o)
                              ./system/src/kl25-sc/mcg.o (__aeabi_idiv)
c:/program files (x86)/gnu tools arm embedded/4.8 2014q1/bin/../lib/gcc/arm-none-eabi/4.8.3/armv6-m\libgcc.a(_dvmd_tls.o)
                              c:/program files (x86)/gnu tools arm embedded/4.8 2014q1/bin/../lib/gcc/arm-none-eabi/4.8.3/armv6-m\libgcc.a(_udivsi3.o) (__aeabi_idiv0)
c:/program files (x86)/gnu tools arm embedded/4.8 2014q1/bin/../lib/gcc/arm-none-eabi/4.8.3/armv6-m\libgcc.a(_fixunssfsi.o)
                              ./system/src/kl25-sc/mcg.o (__aeabi_f2uiz)
c:/program files (x86)/gnu tools arm embedded/4.8 2014q1/bin/../lib/gcc/arm-none-eabi/4.8.3/armv6-m\libgcc.a(divsf3.o)
                              ./system/src/kl25-sc/mcg.o (__aeabi_fdiv)
c:/program files (x86)/gnu tools arm embedded/4.8 2014q1/bin/../lib/gcc/arm-none-eabi/4.8.3/armv6-m\libgcc.a(mulsf3.o)
                              ./system/src/kl25-sc/mcg.o (__aeabi_fmul)
c:/program files (x86)/gnu tools arm embedded/4.8 2014q1/bin/../lib/gcc/arm-none-eabi/4.8.3/armv6-m\libgcc.a(subsf3.o)
                              c:/program files (x86)/gnu tools arm embedded/4.8 2014q1/bin/../lib/gcc/arm-none-eabi/4.8.3/armv6-m\libgcc.a(_fixunssfsi.o) (__aeabi_fsub)
c:/program files (x86)/gnu tools arm embedded/4.8 2014q1/bin/../lib/gcc/arm-none-eabi/4.8.3/armv6-m\libgcc.a(fixsfsi.o)
                              c:/program files (x86)/gnu tools arm embedded/4.8 2014q1/bin/../lib/gcc/arm-none-eabi/4.8.3/armv6-m\libgcc.a(_fixunssfsi.o) (__aeabi_f2iz)
c:/program files (x86)/gnu tools arm embedded/4.8 2014q1/bin/../lib/gcc/arm-none-eabi/4.8.3/armv6-m\libgcc.a(floatsisf.o)
                              ./system/src/kl25-sc/mcg.o (__aeabi_i2f)
c:/program files (x86)/gnu tools arm embedded/4.8 2014q1/bin/../lib/gcc/arm-none-eabi/4.8.3/armv6-m\libgcc.a(_arm_cmpsf2.o)
                              c:/program files (x86)/gnu tools arm embedded/4.8 2014q1/bin/../lib/gcc/arm-none-eabi/4.8.3/armv6-m\libgcc.a(_fixunssfsi.o) (__aeabi_fcmpge)
c:/program files (x86)/gnu tools arm embedded/4.8 2014q1/bin/../lib/gcc/arm-none-eabi/4.8.3/armv6-m\libgcc.a(_clzsi2.o)
                              c:/program files (x86)/gnu tools arm embedded/4.8 2014q1/bin/../lib/gcc/arm-none-eabi/4.8.3/armv6-m\libgcc.a(divsf3.o) (__clzsi2)
c:/program files (x86)/gnu tools arm embedded/4.8 2014q1/bin/../lib/gcc/arm-none-eabi/4.8.3/armv6-m\libgcc.a(eqsf2.o)
                              c:/program files (x86)/gnu tools arm embedded/4.8 2014q1/bin/../lib/gcc/arm-none-eabi/4.8.3/armv6-m\libgcc.a(_arm_cmpsf2.o) (__eqsf2)
c:/program files (x86)/gnu tools arm embedded/4.8 2014q1/bin/../lib/gcc/arm-none-eabi/4.8.3/armv6-m\libgcc.a(gesf2.o)
                              c:/program files (x86)/gnu tools arm embedded/4.8 2014q1/bin/../lib/gcc/arm-none-eabi/4.8.3/armv6-m\libgcc.a(_arm_cmpsf2.o) (__gesf2)
c:/program files (x86)/gnu tools arm embedded/4.8 2014q1/bin/../lib/gcc/arm-none-eabi/4.8.3/armv6-m\libgcc.a(lesf2.o)
                              c:/program files (x86)/gnu tools arm embedded/4.8 2014q1/bin/../lib/gcc/arm-none-eabi/4.8.3/armv6-m\libgcc.a(_arm_cmpsf2.o) (__lesf2)
c:/program files (x86)/gnu tools arm embedded/4.8 2014q1/bin/../lib/gcc/arm-none-eabi/4.8.3/../../../../arm-none-eabi/lib/armv6-m\libg_s.a(lib_a-errno.o)
                              ./system/src/newlib/_sbrk.o (__errno)
c:/program files (x86)/gnu tools arm embedded/4.8 2014q1/bin/../lib/gcc/arm-none-eabi/4.8.3/../../../../arm-none-eabi/lib/armv6-m\libg_s.a(lib_a-fwrite.o)
                              ./src/main.o (fwrite)
c:/program files (x86)/gnu tools arm embedded/4.8 2014q1/bin/../lib/gcc/arm-none-eabi/4.8.3/../../../../arm-none-eabi/lib/armv6-m\libg_s.a(lib_a-impure.o)
                              ./src/main.o (_impure_ptr)
c:/program files (x86)/gnu tools arm embedded/4.8 2014q1/bin/../lib/gcc/arm-none-eabi/4.8.3/../../../../arm-none-eabi/lib/armv6-m\libg_s.a(lib_a-memcpy-stub.o)
                              ./src/main.o (memcpy)
c:/program files (x86)/gnu tools arm embedded/4.8 2014q1/bin/../lib/gcc/arm-none-eabi/4.8.3/../../../../arm-none-eabi/lib/armv6-m\libg_s.a(lib_a-printf.o)
                              ./system/src/kl25-sc/cmp.o (printf)
c:/program files (x86)/gnu tools arm embedded/4.8 2014q1/bin/../lib/gcc/arm-none-eabi/4.8.3/../../../../arm-none-eabi/lib/armv6-m\libg_s.a(lib_a-puts.o)
                              ./system/src/kl25-sc/cmp.o (puts)
c:/program files (x86)/gnu tools arm embedded/4.8 2014q1/bin/../lib/gcc/arm-none-eabi/4.8.3/../../../../arm-none-eabi/lib/armv6-m\libg_s.a(lib_a-strchr.o)
[...]
Memory Configuration

Name             Origin             Length             Attributes
RAM              0x1ffff000         0x00004000         xrw
FLASH            0x00000000         0x00020000         xr
CCMRAM           0x00000000         0x00000000         xrw
FLASHB1          0x00000000         0x00000000         xr
EXTMEMB0         0x00000000         0x00000000         xr
EXTMEMB1         0x00000000         0x00000000         xr
EXTMEMB2         0x00000000         0x00000000         xr
EXTMEMB3         0x00000000         0x00000000         xr
*default*        0x00000000         0xffffffff

Linker script and memory map

LOAD ./system/src/newlib/_cxx.o
LOAD ./system/src/newlib/_exit.o
LOAD ./system/src/newlib/_sbrk.o
LOAD ./system/src/newlib/_startup.o
LOAD ./system/src/newlib/_syscalls.o
LOAD ./system/src/newlib/_write.o
LOAD ./system/src/newlib/assert.o
LOAD ./system/src/kl25-sc/adc16.o
LOAD ./system/src/kl25-sc/cmp.o
LOAD ./system/src/kl25-sc/i2c.o
LOAD ./system/src/kl25-sc/llwu.o
LOAD ./system/src/kl25-sc/lptmr.o
LOAD ./system/src/kl25-sc/mcg.o
LOAD ./system/src/kl25-sc/pmc.o
LOAD ./system/src/kl25-sc/rcm.o
LOAD ./system/src/kl25-sc/rtc.o
LOAD ./system/src/kl25-sc/smc.o
LOAD ./system/src/kl25-sc/uart.o
LOAD ./system/src/diag/Trace.o
LOAD ./system/src/diag/trace_impl.o
LOAD ./system/src/cortexm/_initialize_hardware.o
LOAD ./system/src/cortexm/_reset_hardware.o
LOAD ./system/src/cortexm/exception_handlers.o
LOAD ./system/src/cmsis/system_MKL25Z4.o
LOAD ./system/src/cmsis/vectors_MKL25Z4.o
LOAD ./src/PlatformHandler/freedom_gpio.o
LOAD ./src/PlatformHandler/freedom_spi.o
LOAD ./src/Internet/DNS/dns.o
LOAD ./src/Internet/DHCP/dhcp.o
LOAD ./src/Ethernet/W5500/w5500.o
LOAD ./src/Ethernet/socket.o
LOAD ./src/Ethernet/wizchip_conf.o
LOAD ./src/BlinkLed.o
LOAD ./src/Timer.o
LOAD ./src/main.o
LOAD c:/program files (x86)/gnu tools arm embedded/4.8 2014q1/bin/../lib/gcc/arm-none-eabi/4.8.3/../../../../arm-none-eabi/lib/armv6-m\libstdc++_s.a
LOAD c:/program files (x86)/gnu tools arm embedded/4.8 2014q1/bin/../lib/gcc/arm-none-eabi/4.8.3/../../../../arm-none-eabi/lib/armv6-m\libm.a
START GROUP
LOAD c:/program files (x86)/gnu tools arm embedded/4.8 2014q1/bin/../lib/gcc/arm-none-eabi/4.8.3/armv6-m\libgcc.a
LOAD c:/program files (x86)/gnu tools arm embedded/4.8 2014q1/bin/../lib/gcc/arm-none-eabi/4.8.3/../../../../arm-none-eabi/lib/armv6-m\libg_s.a
LOAD c:/program files (x86)/gnu tools arm embedded/4.8 2014q1/bin/../lib/gcc/arm-none-eabi/4.8.3/../../../../arm-none-eabi/lib/armv6-m\libc_s.a
END GROUP
START GROUP
LOAD c:/program files (x86)/gnu tools arm embedded/4.8 2014q1/bin/../lib/gcc/arm-none-eabi/4.8.3/armv6-m\libgcc.a
LOAD c:/program files (x86)/gnu tools arm embedded/4.8 2014q1/bin/../lib/gcc/arm-none-eabi/4.8.3/../../../../arm-none-eabi/lib/armv6-m\libc_s.a
END GROUP
                0x20003000                __stack = (ORIGIN (RAM) + 0x4000)
                0x20003000                _estack = __stack
                0x00000400                __Main_Stack_Size = 0x400
                0x00000400                PROVIDE (_Main_Stack_Size, __Main_Stack_Size)
                0x20002c00                __Main_Stack_Limit = (__stack - __Main_Stack_Size)
                0x20002c00                PROVIDE (_Main_Stack_Limit, __Main_Stack_Limit)
                0x00000100                _Minimum_Stack_Size = 0x100
                0x1ffff1c4                PROVIDE (_Heap_Begin, _end_noinit)
                0x20002c00                PROVIDE (_Heap_Limit, (__stack - __Main_Stack_Size))

.isr_vector     0x00000000      0x540
                0x00000000                . = ALIGN (0x4)
 *(.isr_vector)
 .isr_vector    0x00000000      0x400 ./system/src/cmsis/vectors_MKL25Z4.o
                0x00000000                gHandlers
 *(.cfmconfig)
 .cfmconfig     0x00000400       0x10 ./system/src/cmsis/vectors_MKL25Z4.o
                0x00000400                gConfigs
 *(.after_vectors .after_vectors.*)
 .after_vectors
                0x00000410      0x110 ./system/src/newlib/_startup.o
                0x00000410                _start
 .after_vectors
                0x00000520       0x1c ./system/src/cortexm/exception_handlers.o
                0x00000520                Reset_Handler
                0x00000528                NMI_Handler
                0x0000052c                HardFault_Handler
                0x00000530                SVC_Handler
                0x00000534                PendSV_Handler
 .after_vectors
                0x0000053c        0x4 ./system/src/cmsis/vectors_MKL25Z4.o
                0x0000053c                I2C0_IRQHandler
                0x0000053c                I2C1_IRQHandler
                0x0000053c                UART1_IRQHandler
                0x0000053c                TPM0_IRQHandler
                0x0000053c                TSI0_IRQHandler
                0x0000053c                UART0_IRQHandler
                0x0000053c                ADC0_IRQHandler
                0x0000053c                Reserved39_IRQHandler
                0x0000053c                SPI1_IRQHandler
                0x0000053c                PORTD_IRQHandler
                0x0000053c                TPM2_IRQHandler
                0x0000053c                LPTimer_IRQHandler
                0x0000053c                RTC_IRQHandler
                0x0000053c                RTC_Seconds_IRQHandler
                0x0000053c                MCG_IRQHandler
                0x0000053c                UART2_IRQHandler
                0x0000053c                Reserved20_IRQHandler
                0x0000053c                Default_Handler
                0x0000053c                USB0_IRQHandler
                0x0000053c                PIT_IRQHandler
                0x0000053c                DAC0_IRQHandler
                0x0000053c                Reserved45_IRQHandler
                0x0000053c                TPM1_IRQHandler
                0x0000053c                LVD_LVW_IRQHandler
                0x0000053c                SPI0_IRQHandler
                0x0000053c                PORTA_IRQHandler
                0x0000053c                FTFA_IRQHandler
                0x0000053c                CMP0_IRQHandler
                0x00000540                . = ALIGN (0x4)

.inits          0x00000540        0x0
                0x00000540                . = ALIGN (0x4)
 *(.init)
 *(.fini)
                0x00000540                . = ALIGN (0x4)
                0x00000540                PROVIDE (__preinit_array_start, .)
 *(.preinit_array_sysinit .preinit_array_sysinit.*)
 *(.preinit_array_platform .preinit_array_platform.*)
 *(.preinit_array .preinit_array.*)
                0x00000540                PROVIDE (__preinit_array_end, .)
                0x00000540                . = ALIGN (0x4)
                0x00000540                PROVIDE (__init_array_start, .)
 *(SORT(.init_array.*))
 *(.init_array)
                0x00000540                PROVIDE (__init_array_end, .)
                0x00000540                . = ALIGN (0x4)
                0x00000540                PROVIDE (__fini_array_start, .)
 *(SORT(.fini_array.*))
 *(.fini_array)
                0x00000540                PROVIDE (__fini_array_end, .)
                0x00000540                . = ALIGN (0x4)

.flashtext      0x00000540        0x0
                0x00000540                . = ALIGN (0x4)
 *(.flashtext .flashtext.*)
                0x00000540                . = ALIGN (0x4)

.text           0x00000540     0x21d1
                0x00000540                . = ALIGN (0x4)
 *(.text .text.*)
 .text._exit    0x00000540        0x4 ./system/src/newlib/_exit.o
                0x00000540                _exit
 .text._sbrk    0x00000544       0x44 ./system/src/newlib/_sbrk.o
                0x00000544                _sbrk
 .text.__initialize_args
                0x00000588       0x10 ./system/src/newlib/_syscalls.o
                0x00000588                __initialize_args
 .text._close   0x00000598       0x10 ./system/src/newlib/_syscalls.o
                0x00000598                _close
 .text._fstat   0x000005a8       0x10 ./system/src/newlib/_syscalls.o
                0x000005a8                _fstat
 .text._isatty  0x000005b8       0x10 ./system/src/newlib/_syscalls.o
                0x000005b8                _isatty
 .text._lseek   0x000005c8       0x10 ./system/src/newlib/_syscalls.o
                0x000005c8                _lseek
 .text._read    0x000005d8       0x10 ./system/src/newlib/_syscalls.o
                0x000005d8                _read
 .text._write   0x000005e8       0x20 ./system/src/newlib/_write.o
                0x000005e8                _write
 .text.LLW_IRQHandler
                0x00000608      0x138 ./system/src/kl25-sc/llwu.o
                0x00000608                LLW_IRQHandler
 .text.trace_printf
                0x00000740       0x30 ./system/src/diag/Trace.o
                0x00000740                trace_printf
 .text.trace_puts
                0x00000770       0x20 ./system/src/diag/Trace.o
                0x00000770                trace_puts
 .text._trace_write_semihosting_stdout
                0x00000790       0x70 ./system/src/diag/trace_impl.o
 .text.trace_write
                0x00000800        0x8 ./system/src/diag/trace_impl.o
                0x00000800                trace_write
 .text.__initialize_hardware
                0x00000808        0x8 ./system/src/cortexm/_initialize_hardware.o
                0x00000808                __initialize_hardware
 .text.SystemInit
                0x00000810       0x58 ./system/src/cmsis/system_MKL25Z4.o
                0x00000810                SystemInit
 .text.gpio_init
                0x00000868       0x88 ./src/PlatformHandler/freedom_gpio.o
                0x00000868                gpio_init
 .text.spi_init
                0x000008f0       0x58 ./src/PlatformHandler/freedom_spi.o
                0x000008f0                spi_init
 .text.DMA0_IRQHandler
                0x00000948       0x2c ./src/PlatformHandler/freedom_spi.o
                0x00000948                DMA0_IRQHandler
 .text.DMA1_IRQHandler
                0x00000974       0x2c ./src/PlatformHandler/freedom_spi.o
                0x00000974                DMA1_IRQHandler
 .text.DMA2_IRQHandler
                0x000009a0       0x2c ./src/PlatformHandler/freedom_spi.o
                0x000009a0                DMA2_IRQHandler
 .text.DMA3_IRQHandler
                0x000009cc       0x2c ./src/PlatformHandler/freedom_spi.o
                0x000009cc                DMA3_IRQHandler
 .text.WIZCHIP_READ
                0x000009f8       0x3c ./src/Ethernet/W5500/w5500.o
                0x000009f8                WIZCHIP_READ
 .text.WIZCHIP_WRITE
                0x00000a34       0x40 ./src/Ethernet/W5500/w5500.o
                0x00000a34                WIZCHIP_WRITE
 .text.WIZCHIP_READ_BUF
                0x00000a74       0x58 ./src/Ethernet/W5500/w5500.o
                0x00000a74                WIZCHIP_READ_BUF
 .text.WIZCHIP_WRITE_BUF
                0x00000acc       0x5c ./src/Ethernet/W5500/w5500.o
                0x00000acc                WIZCHIP_WRITE_BUF
 .text.wizchip_cris_enter
                0x00000b28        0x4 ./src/Ethernet/wizchip_conf.o
                0x00000b28                wizchip_cris_enter
 .text.wizchip_cris_exit
                0x00000b2c        0x4 ./src/Ethernet/wizchip_conf.o
                0x00000b2c                wizchip_cris_exit
 .text.wizchip_cs_select
                0x00000b30        0x4 ./src/Ethernet/wizchip_conf.o
                0x00000b30                wizchip_cs_select
 .text.wizchip_cs_deselect
                0x00000b34        0x4 ./src/Ethernet/wizchip_conf.o
                0x00000b34                wizchip_cs_deselect
 .text.wizchip_bus_readbyte
                0x00000b38        0x8 ./src/Ethernet/wizchip_conf.o
                0x00000b38                wizchip_bus_readbyte
 .text.wizchip_bus_writebyte
                0x00000b40        0x4 ./src/Ethernet/wizchip_conf.o
                0x00000b40                wizchip_bus_writebyte
 .text.wizchip_spi_readbyte
                0x00000b44        0x4 ./src/Ethernet/wizchip_conf.o
                0x00000b44                wizchip_spi_readbyte
 .text.wizchip_spi_writebyte
                0x00000b48        0x4 ./src/Ethernet/wizchip_conf.o
                0x00000b48                wizchip_spi_writebyte
 .text.reg_wizchip_cs_cbfunc
                0x00000b4c       0x28 ./src/Ethernet/wizchip_conf.o
                0x00000b4c                reg_wizchip_cs_cbfunc
 .text.reg_wizchip_spi_cbfunc
                0x00000b74       0x38 ./src/Ethernet/wizchip_conf.o
                0x00000b74                reg_wizchip_spi_cbfunc
 .text.wizchip_sw_reset
                0x00000bac       0x78 ./src/Ethernet/wizchip_conf.o
                0x00000bac                wizchip_sw_reset
 .text.wizchip_init
                0x00000c24       0xa0 ./src/Ethernet/wizchip_conf.o
                0x00000c24                wizchip_init
 .text.wizchip_clrinterrupt
                0x00000cc4       0x1c ./src/Ethernet/wizchip_conf.o
                0x00000cc4                wizchip_clrinterrupt
 .text.wizchip_getinterrupt
                0x00000ce0       0x24 ./src/Ethernet/wizchip_conf.o
                0x00000ce0                wizchip_getinterrupt
 .text.wizchip_setinterruptmask
                0x00000d04       0x1c ./src/Ethernet/wizchip_conf.o
                0x00000d04                wizchip_setinterruptmask
 .text.wizchip_getinterruptmask
                0x00000d20       0x1c ./src/Ethernet/wizchip_conf.o
                0x00000d20                wizchip_getinterruptmask
 .text.wizphy_getphylink
                0x00000d3c       0x10 ./src/Ethernet/wizchip_conf.o
                0x00000d3c                wizphy_getphylink
 .text.wizphy_getphypmode
                0x00000d4c       0x18 ./src/Ethernet/wizchip_conf.o
                0x00000d4c                wizphy_getphypmode
 .text.wizphy_reset
                0x00000d64       0x2c ./src/Ethernet/wizchip_conf.o
                0x00000d64                wizphy_reset
 .text.wizphy_setphyconf
                0x00000d90       0x48 ./src/Ethernet/wizchip_conf.o
                0x00000d90                wizphy_setphyconf
 .text.wizphy_getphyconf
                0x00000dd8       0x58 ./src/Ethernet/wizchip_conf.o
                0x00000dd8                wizphy_getphyconf
 .text.wizphy_setphypmode
                0x00000e30       0x5c ./src/Ethernet/wizchip_conf.o
                0x00000e30                wizphy_setphypmode
 .text.ctlwizchip
                0x00000e8c      0x110 ./src/Ethernet/wizchip_conf.o
                0x00000e8c                ctlwizchip
 .text.wizchip_setnetinfo
                0x00000f9c       0x5c ./src/Ethernet/wizchip_conf.o
                0x00000f9c                wizchip_setnetinfo
 .text.wizchip_getnetinfo
                0x00000ff8       0x5c ./src/Ethernet/wizchip_conf.o
                0x00000ff8                wizchip_getnetinfo
 .text.wizchip_setnetmode
                0x00001054       0x28 ./src/Ethernet/wizchip_conf.o
                0x00001054                wizchip_setnetmode
 .text.wizchip_getnetmode
                0x0000107c        0xc ./src/Ethernet/wizchip_conf.o
                0x0000107c                wizchip_getnetmode
 .text.wizchip_settimeout
                0x00001088       0x28 ./src/Ethernet/wizchip_conf.o
                0x00001088                wizchip_settimeout
 .text.wizchip_gettimeout
                0x000010b0       0x28 ./src/Ethernet/wizchip_conf.o
                0x000010b0                wizchip_gettimeout
 .text.ctlnetwork
                0x000010d8       0x54 ./src/Ethernet/wizchip_conf.o
                0x000010d8                ctlnetwork
 .text.timer_tick
                0x0000112c       0x18 ./src/Timer.o
                0x0000112c                timer_tick
 .text.SysTick_Handler
                0x00001144        0x8 ./src/Timer.o
                0x00001144                SysTick_Handler
 .text.wizchip_select
                0x0000114c       0x10 ./src/main.o
                0x0000114c                wizchip_select
 .text.wizchip_deselect
                0x0000115c       0x10 ./src/main.o
                0x0000115c                wizchip_deselect
 .text.wizchip_write
                0x0000116c       0x30 ./src/main.o
                0x0000116c                wizchip_write
 .text.wizchip_read
                0x0000119c       0x30 ./src/main.o
                0x0000119c                wizchip_read
 .text.network_init
                0x000011cc       0xa8 ./src/main.o
                0x000011cc                network_init
 .text.main     0x00001274       0xc0 ./src/main.o
                0x00001274                main
 .text          0x00001334       0x9c c:/program files (x86)/gnu tools arm embedded/4.8 2014q1/bin/../lib/gcc/arm-none-eabi/4.8.3/armv6-m\libgcc.a(_udivsi3.o)
                0x00001334                __aeabi_uidiv
                0x00001334                __udivsi3
                0x000013bc                __aeabi_uidivmod
 .text          0x000013d0        0x4 c:/program files (x86)/gnu tools arm embedded/4.8 2014q1/bin/../lib/gcc/arm-none-eabi/4.8.3/armv6-m\libgcc.a(_dvmd_tls.o)
                0x000013d0                __aeabi_idiv0
                0x000013d0                __aeabi_ldiv0
 .text.__errno  0x000013d4        0xc c:/program files (x86)/gnu tools arm embedded/4.8 2014q1/bin/../lib/gcc/arm-none-eabi/4.8.3/../../../../arm-none-eabi/lib/armv6-m\libg_s.a(lib_a-errno.o)
                0x000013d4                __errno
 .text._fwrite_r
                0x000013e0       0xbc c:/program files (x86)/gnu tools arm embedded/4.8 2014q1/bin/../lib/gcc/arm-none-eabi/4.8.3/../../../../arm-none-eabi/lib/armv6-m\libg_s.a(lib_a-fwrite.o)
                0x000013e0                _fwrite_r
 .text.fwrite   0x0000149c       0x20 c:/program files (x86)/gnu tools arm embedded/4.8 2014q1/bin/../lib/gcc/arm-none-eabi/4.8.3/../../../../arm-none-eabi/lib/armv6-m\libg_s.a(lib_a-fwrite.o)
                0x0000149c                fwrite
 .text.memcpy   0x000014bc       0x12 c:/program files (x86)/gnu tools arm embedded/4.8 2014q1/bin/../lib/gcc/arm-none-eabi/4.8.3/../../../../arm-none-eabi/lib/armv6-m\libg_s.a(lib_a-memcpy-stub.o)
                0x000014bc                memcpy
 .text._puts_r  0x000014ce       0xc2 c:/program files (x86)/gnu tools arm embedded/4.8 2014q1/bin/../lib/gcc/arm-none-eabi/4.8.3/../../../../arm-none-eabi/lib/armv6-m\libg_s.a(lib_a-puts.o)
                0x000014ce                _puts_r
 .text.puts     0x00001590       0x14 c:/program files (x86)/gnu tools arm embedded/4.8 2014q1/bin/../lib/gcc/arm-none-eabi/4.8.3/../../../../arm-none-eabi/lib/armv6-m\libg_s.a(lib_a-puts.o)
                0x00001590                puts
 .text.strlen   0x000015a4        0xe c:/program files (x86)/gnu tools arm embedded/4.8 2014q1/bin/../lib/gcc/arm-none-eabi/4.8.3/../../../../arm-none-eabi/lib/armv6-m\libg_s.a(lib_a-strlen.o)
                0x000015a4                strlen
 .text._printf_common
                0x000015b2       0xe8 c:/program files (x86)/gnu tools arm embedded/4.8 2014q1/bin/../lib/gcc/arm-none-eabi/4.8.3/../../../../arm-none-eabi/lib/armv6-m\libg_s.a(lib_a-vfprintf_i.o)
                0x000015b2                _printf_common
 *fill*         0x0000169a        0x2 
 .text._printf_i
                0x0000169c      0x22c c:/program files (x86)/gnu tools arm embedded/4.8 2014q1/bin/../lib/gcc/arm-none-eabi/4.8.3/../../../../arm-none-eabi/lib/armv6-m\libg_s.a(lib_a-vfprintf_i.o)
                0x0000169c                _printf_i
 .text._vsnprintf_r
                0x000018c8       0x54 c:/program files (x86)/gnu tools arm embedded/4.8 2014q1/bin/../lib/gcc/arm-none-eabi/4.8.3/../../../../arm-none-eabi/lib/armv6-m\libg_s.a(lib_a-vsnprintf.o)
                0x000018c8                _vsniprintf_r
                0x000018c8                _vsnprintf_r
 .text.vsnprintf
                0x0000191c       0x20 c:/program files (x86)/gnu tools arm embedded/4.8 2014q1/bin/../lib/gcc/arm-none-eabi/4.8.3/../../../../arm-none-eabi/lib/armv6-m\libg_s.a(lib_a-vsnprintf.o)
                0x0000191c                vsniprintf
                0x0000191c                vsnprintf
 .text.__swbuf_r
                0x0000193c       0xb0 c:/program files (x86)/gnu tools arm embedded/4.8 2014q1/bin/../lib/gcc/arm-none-eabi/4.8.3/../../../../arm-none-eabi/lib/armv6-m\libg_s.a(lib_a-wbuf.o)
                0x0000193c                __swbuf_r
 .text.__swsetup_r
                0x000019ec       0xe4 c:/program files (x86)/gnu tools arm embedded/4.8 2014q1/bin/../lib/gcc/arm-none-eabi/4.8.3/../../../../arm-none-eabi/lib/armv6-m\libg_s.a(lib_a-wsetup.o)
                0x000019ec                __swsetup_r
 .text.__sflush_r
                0x00001ad0      0x112 c:/program files (x86)/gnu tools arm embedded/4.8 2014q1/bin/../lib/gcc/arm-none-eabi/4.8.3/../../../../arm-none-eabi/lib/armv6-m\libg_s.a(lib_a-fflush.o)
                0x00001ad0                __sflush_r
 *fill*         0x00001be2        0x2 
 .text._fflush_r
                0x00001be4       0x58 c:/program files (x86)/gnu tools arm embedded/4.8 2014q1/bin/../lib/gcc/arm-none-eabi/4.8.3/../../../../arm-none-eabi/lib/armv6-m\libg_s.a(lib_a-fflush.o)
                0x00001be4                _fflush_r
 .text._cleanup_r
                0x00001c3c       0x34 c:/program files (x86)/gnu tools arm embedded/4.8 2014q1/bin/../lib/gcc/arm-none-eabi/4.8.3/../../../../arm-none-eabi/lib/armv6-m\libg_s.a(lib_a-findfp.o)
                0x00001c3c                _cleanup_r
 .text.std.isra.0
                0x00001c70       0x48 c:/program files (x86)/gnu tools arm embedded/4.8 2014q1/bin/../lib/gcc/arm-none-eabi/4.8.3/../../../../arm-none-eabi/lib/armv6-m\libg_s.a(lib_a-findfp.o)
 .text.__sfmoreglue
                0x00001cb8       0x2c c:/program files (x86)/gnu tools arm embedded/4.8 2014q1/bin/../lib/gcc/arm-none-eabi/4.8.3/../../../../arm-none-eabi/lib/armv6-m\libg_s.a(lib_a-findfp.o)
                0x00001cb8                __sfmoreglue
 .text.__sinit  0x00001ce4       0x64 c:/program files (x86)/gnu tools arm embedded/4.8 2014q1/bin/../lib/gcc/arm-none-eabi/4.8.3/../../../../arm-none-eabi/lib/armv6-m\libg_s.a(lib_a-findfp.o)
                0x00001ce4                __sinit
 .text.__sfp    0x00001d48       0x7c c:/program files (x86)/gnu tools arm embedded/4.8 2014q1/bin/../lib/gcc/arm-none-eabi/4.8.3/../../../../arm-none-eabi/lib/armv6-m\libg_s.a(lib_a-findfp.o)
                0x00001d48                __sfp
 .text.__smakebuf_r
                0x00001dc4       0xa0 c:/program files (x86)/gnu tools arm embedded/4.8 2014q1/bin/../lib/gcc/arm-none-eabi/4.8.3/../../../../arm-none-eabi/lib/armv6-m\libg_s.a(lib_a-makebuf.o)
                0x00001dc4                __smakebuf_r
 .text.memchr   0x00001e64       0x16 c:/program files (x86)/gnu tools arm embedded/4.8 2014q1/bin/../lib/gcc/arm-none-eabi/4.8.3/../../../../arm-none-eabi/lib/armv6-m\libg_s.a(lib_a-memchr-stub.o)
                0x00001e64                memchr
 .text.memmove  0x00001e7a       0x32 c:/program files (x86)/gnu tools arm embedded/4.8 2014q1/bin/../lib/gcc/arm-none-eabi/4.8.3/../../../../arm-none-eabi/lib/armv6-m\libg_s.a(lib_a-memmove.o)
                0x00001e7a                memmove
 .text.memset   0x00001eac       0x10 c:/program files (x86)/gnu tools arm embedded/4.8 2014q1/bin/../lib/gcc/arm-none-eabi/4.8.3/../../../../arm-none-eabi/lib/armv6-m\libg_s.a(lib_a-memset.o)
                0x00001eac                memset
 .text._free_r  0x00001ebc       0x90 c:/program files (x86)/gnu tools arm embedded/4.8 2014q1/bin/../lib/gcc/arm-none-eabi/4.8.3/../../../../arm-none-eabi/lib/armv6-m\libg_s.a(lib_a-nano-freer.o)
                0x00001ebc                _free_r
 .text._malloc_r
                0x00001f4c       0xa8 c:/program files (x86)/gnu tools arm embedded/4.8 2014q1/bin/../lib/gcc/arm-none-eabi/4.8.3/../../../../arm-none-eabi/lib/armv6-m\libg_s.a(lib_a-nano-mallocr.o)
                0x00001f4c                _malloc_r
 .text._realloc_r
                0x00001ff4       0x4c c:/program files (x86)/gnu tools arm embedded/4.8 2014q1/bin/../lib/gcc/arm-none-eabi/4.8.3/../../../../arm-none-eabi/lib/armv6-m\libg_s.a(lib_a-nano-reallocr.o)
                0x00001ff4                _realloc_r
 .text._sbrk_r  0x00002040       0x24 c:/program files (x86)/gnu tools arm embedded/4.8 2014q1/bin/../lib/gcc/arm-none-eabi/4.8.3/../../../../arm-none-eabi/lib/armv6-m\libg_s.a(lib_a-sbrkr.o)
                0x00002040                _sbrk_r
 .text.__sread  0x00002064       0x28 c:/program files (x86)/gnu tools arm embedded/4.8 2014q1/bin/../lib/gcc/arm-none-eabi/4.8.3/../../../../arm-none-eabi/lib/armv6-m\libg_s.a(lib_a-stdio.o)
                0x00002064                __sread
 .text.__swrite
                0x0000208c       0x38 c:/program files (x86)/gnu tools arm embedded/4.8 2014q1/bin/../lib/gcc/arm-none-eabi/4.8.3/../../../../arm-none-eabi/lib/armv6-m\libg_s.a(lib_a-stdio.o)
                0x0000208c                __swrite
 .text.__sseek  0x000020c4       0x2c c:/program files (x86)/gnu tools arm embedded/4.8 2014q1/bin/../lib/gcc/arm-none-eabi/4.8.3/../../../../arm-none-eabi/lib/armv6-m\libg_s.a(lib_a-stdio.o)
                0x000020c4                __sseek
 .text.__sclose
                0x000020f0        0xc c:/program files (x86)/gnu tools arm embedded/4.8 2014q1/bin/../lib/gcc/arm-none-eabi/4.8.3/../../../../arm-none-eabi/lib/armv6-m\libg_s.a(lib_a-stdio.o)
                0x000020f0                __sclose
 .text.__ssputs_r
                0x000020fc       0xc0 c:/program files (x86)/gnu tools arm embedded/4.8 2014q1/bin/../lib/gcc/arm-none-eabi/4.8.3/../../../../arm-none-eabi/lib/armv6-m\libg_s.a(lib_a-svfprintf.o)
                0x000020fc                __ssputs_r
 .text._svfprintf_r
                0x000021bc      0x1e0 c:/program files (x86)/gnu tools arm embedded/4.8 2014q1/bin/../lib/gcc/arm-none-eabi/4.8.3/../../../../arm-none-eabi/lib/armv6-m\libg_s.a(lib_a-svfprintf.o)
                0x000021bc                _svfiprintf_r
                0x000021bc                _svfprintf_r
 .text._write_r
                0x0000239c       0x28 c:/program files (x86)/gnu tools arm embedded/4.8 2014q1/bin/../lib/gcc/arm-none-eabi/4.8.3/../../../../arm-none-eabi/lib/armv6-m\libg_s.a(lib_a-writer.o)
                0x0000239c                _write_r
 .text._close_r
                0x000023c4       0x24 c:/program files (x86)/gnu tools arm embedded/4.8 2014q1/bin/../lib/gcc/arm-none-eabi/4.8.3/../../../../arm-none-eabi/lib/armv6-m\libg_s.a(lib_a-closer.o)
                0x000023c4                _close_r
 .text._fstat_r
                0x000023e8       0x24 c:/program files (x86)/gnu tools arm embedded/4.8 2014q1/bin/../lib/gcc/arm-none-eabi/4.8.3/../../../../arm-none-eabi/lib/armv6-m\libg_s.a(lib_a-fstatr.o)
                0x000023e8                _fstat_r
 .text._isatty_r
                0x0000240c       0x24 c:/program files (x86)/gnu tools arm embedded/4.8 2014q1/bin/../lib/gcc/arm-none-eabi/4.8.3/../../../../arm-none-eabi/lib/armv6-m\libg_s.a(lib_a-isattyr.o)
                0x0000240c                _isatty_r
 .text._lseek_r
                0x00002430       0x28 c:/program files (x86)/gnu tools arm embedded/4.8 2014q1/bin/../lib/gcc/arm-none-eabi/4.8.3/../../../../arm-none-eabi/lib/armv6-m\libg_s.a(lib_a-lseekr.o)
                0x00002430                _lseek_r
 .text._malloc_usable_size_r
                0x00002458       0x12 c:/program files (x86)/gnu tools arm embedded/4.8 2014q1/bin/../lib/gcc/arm-none-eabi/4.8.3/../../../../arm-none-eabi/lib/armv6-m\libg_s.a(lib_a-nano-msizer.o)
                0x00002458                _malloc_usable_size_r
 *fill*         0x0000246a        0x2 
 .text._read_r  0x0000246c       0x28 c:/program files (x86)/gnu tools arm embedded/4.8 2014q1/bin/../lib/gcc/arm-none-eabi/4.8.3/../../../../arm-none-eabi/lib/armv6-m\libg_s.a(lib_a-readr.o)
                0x0000246c                _read_r
 *(.rodata .rodata.*)
 .rodata.str1.4
                0x00002494       0x2d ./system/src/diag/Trace.o
                                 0x30 (size before relaxing)
 *fill*         0x000024c1        0x3 
 .rodata.str1.4
                0x000024c4        0x4 ./system/src/diag/trace_impl.o
 .rodata.ctlwizchip
                0x000024c8       0x40 ./src/Ethernet/wizchip_conf.o
 .rodata.ctlnetwork
                0x00002508       0x18 ./src/Ethernet/wizchip_conf.o
 .rodata        0x00002520       0x10 ./src/main.o
 .rodata.str1.4
                0x00002530      0x144 ./src/main.o
 .rodata.str1.1
                0x00002674        0x2 c:/program files (x86)/gnu tools arm embedded/4.8 2014q1/bin/../lib/gcc/arm-none-eabi/4.8.3/../../../../arm-none-eabi/lib/armv6-m\libg_s.a(lib_a-impure.o)
 *fill*         0x00002676        0x2 
 .rodata._global_impure_ptr
                0x00002678        0x4 c:/program files (x86)/gnu tools arm embedded/4.8 2014q1/bin/../lib/gcc/arm-none-eabi/4.8.3/../../../../arm-none-eabi/lib/armv6-m\libg_s.a(lib_a-impure.o)
                0x00002678                _global_impure_ptr
 .rodata.str1.1
                0x0000267c       0x22 c:/program files (x86)/gnu tools arm embedded/4.8 2014q1/bin/../lib/gcc/arm-none-eabi/4.8.3/../../../../arm-none-eabi/lib/armv6-m\libg_s.a(lib_a-vfprintf_i.o)
 *fill*         0x0000269e        0x2 
 .rodata.__sf_fake_stdin
                0x000026a0       0x20 c:/program files (x86)/gnu tools arm embedded/4.8 2014q1/bin/../lib/gcc/arm-none-eabi/4.8.3/../../../../arm-none-eabi/lib/armv6-m\libg_s.a(lib_a-findfp.o)
                0x000026a0                __sf_fake_stdin
 .rodata.__sf_fake_stdout
                0x000026c0       0x20 c:/program files (x86)/gnu tools arm embedded/4.8 2014q1/bin/../lib/gcc/arm-none-eabi/4.8.3/../../../../arm-none-eabi/lib/armv6-m\libg_s.a(lib_a-findfp.o)
                0x000026c0                __sf_fake_stdout
 .rodata.__sf_fake_stderr
                0x000026e0       0x20 c:/program files (x86)/gnu tools arm embedded/4.8 2014q1/bin/../lib/gcc/arm-none-eabi/4.8.3/../../../../arm-none-eabi/lib/armv6-m\libg_s.a(lib_a-findfp.o)
                0x000026e0                __sf_fake_stderr
 .rodata.str1.1
                0x00002700       0x11 c:/program files (x86)/gnu tools arm embedded/4.8 2014q1/bin/../lib/gcc/arm-none-eabi/4.8.3/../../../../arm-none-eabi/lib/armv6-m\libg_s.a(lib_a-svfprintf.o)
 *(vtable)
 *(.eh_frame*)
 *(.glue_7)
 .glue_7        0x00000000        0x0 linker stubs
 *(.glue_7t)
 .glue_7t       0x00000000        0x0 linker stubs

.vfp11_veneer   0x00002714        0x0
 .vfp11_veneer  0x00000000        0x0 linker stubs

.v4_bx          0x00002714        0x0
 .v4_bx         0x00000000        0x0 linker stubs

.iplt           0x00002714        0x0
 .iplt          0x00000000        0x0 ./system/src/newlib/_cxx.o

.rel.dyn        0x00002714        0x0
 .rel.iplt      0x00000000        0x0 ./system/src/newlib/_cxx.o

.ARM.extab
 *(.ARM.extab* .gnu.linkonce.armextab.*)
                0x00002714                __exidx_start = .

.ARM.exidx
 *(.ARM.exidx* .gnu.linkonce.armexidx.*)
                0x00002714                __exidx_end = .
                0x00002714                . = ALIGN (0x4)
                0x00002714                _etext = .
                0x00002714                __etext = .
                0x00002714                _sidata = _etext

.data           0x1ffff000       0xb0 load address 0x00002714
                0x1ffff000                . = ALIGN (0x4)
                0x1ffff000                _sdata = .
                0x1ffff000                __data_start__ = .
 *(.data_begin .data_begin.*)
 .data_begin    0x1ffff000        0x4 ./system/src/newlib/_startup.o
 *(.data .data.*)
 .data.argv.4458
                0x1ffff004        0x8 ./system/src/newlib/_syscalls.o
 .data.SystemCoreClock
                0x1ffff00c        0x4 ./system/src/cmsis/system_MKL25Z4.o
                0x1ffff00c                SystemCoreClock
 .data.WIZCHIP  0x1ffff010       0x20 ./src/Ethernet/wizchip_conf.o
                0x1ffff010                WIZCHIP
 .data.gWIZNETINFO
                0x1ffff030       0x18 ./src/main.o
                0x1ffff030                gWIZNETINFO
 .data.impure_data
                0x1ffff048       0x60 c:/program files (x86)/gnu tools arm embedded/4.8 2014q1/bin/../lib/gcc/arm-none-eabi/4.8.3/../../../../arm-none-eabi/lib/armv6-m\libg_s.a(lib_a-impure.o)
 .data._impure_ptr
                0x1ffff0a8        0x4 c:/program files (x86)/gnu tools arm embedded/4.8 2014q1/bin/../lib/gcc/arm-none-eabi/4.8.3/../../../../arm-none-eabi/lib/armv6-m\libg_s.a(lib_a-impure.o)
                0x1ffff0a8                _impure_ptr
 *(.data_end .data_end.*)
 .data_end      0x1ffff0ac        0x4 ./system/src/newlib/_startup.o
                0x1ffff0b0                . = ALIGN (0x4)
                0x1ffff0b0                _edata = .
                0x1ffff0b0                __data_end__ = .

.igot.plt       0x1ffff0b0        0x0 load address 0x000027c4
 .igot.plt      0x00000000        0x0 ./system/src/newlib/_cxx.o

.bss            0x1ffff0b0      0x114 load address 0x000027c4
                0x1ffff0b0                . = ALIGN (0x4)
                0x1ffff0b0                __bss_start__ = .
                0x1ffff0b0                _sbss = .
 *(.bss_begin .bss_begin.*)
 .bss_begin     0x1ffff0b0        0x4 ./system/src/newlib/_startup.o
 *(.bss .bss.*)
 .bss.current_heap_end.4286
                0x1ffff0b4        0x4 ./system/src/newlib/_sbrk.o
 .bss.name.4457
                0x1ffff0b8        0x4 ./system/src/newlib/_syscalls.o
 .bss.buf.5349  0x1ffff0bc       0x80 ./system/src/diag/Trace.o
 .bss.handle.5072
                0x1ffff13c        0x4 ./system/src/diag/trace_impl.o
 .bss._DHCP_    0x1ffff140        0x1 ./src/Ethernet/wizchip_conf.o
 *fill*         0x1ffff141        0x3 
 .bss._DNS_     0x1ffff144        0x4 ./src/Ethernet/wizchip_conf.o
 .bss.__malloc_sbrk_start
                0x1ffff148        0x4 c:/program files (x86)/gnu tools arm embedded/4.8 2014q1/bin/../lib/gcc/arm-none-eabi/4.8.3/../../../../arm-none-eabi/lib/armv6-m\libg_s.a(lib_a-nano-mallocr.o)
                0x1ffff148                __malloc_sbrk_start
 .bss.__malloc_free_list
                0x1ffff14c        0x4 c:/program files (x86)/gnu tools arm embedded/4.8 2014q1/bin/../lib/gcc/arm-none-eabi/4.8.3/../../../../arm-none-eabi/lib/armv6-m\libg_s.a(lib_a-nano-mallocr.o)
                0x1ffff14c                __malloc_free_list
 *(COMMON)
 COMMON         0x1ffff150        0x4 ./system/src/newlib/_syscalls.o
                0x1ffff150                errno
 COMMON         0x1ffff154       0x68 ./src/PlatformHandler/freedom_spi.o
                0x1ffff154                global_pass_count
                0x1ffff158                m_tdata8
                0x1ffff164                rdata8
                0x1ffff16e                m_DMA2_IntFlag
                0x1ffff170                k
                0x1ffff174                r_data
                0x1ffff17c                s_rdata8
                0x1ffff186                m_DMA1_IntFlag
                0x1ffff187                rd1
                0x1ffff188                tdata8
                0x1ffff192                m_DMA3_IntFlag
                0x1ffff194                global_fail_count
                0x1ffff198                count
                0x1ffff19c                m_rdata8
                0x1ffff1a6                rd
                0x1ffff1a7                m_DMA0_IntFlag
                0x1ffff1a8                dma_int_cnt
                0x1ffff1ac                s_tdata8
                0x1ffff1b8                extend_cnt
 COMMON         0x1ffff1bc        0x4 ./src/Timer.o
                0x1ffff1bc                timer_delayCount
 *(.bss_end .bss_end.*)
 .bss_end       0x1ffff1c0        0x4 ./system/src/newlib/_startup.o
                0x1ffff1c4                . = ALIGN (0x4)
                0x1ffff1c4                __bss_end__ = .
                0x1ffff1c4                _ebss = .

.noinit         0x1ffff1c4        0x0
                0x1ffff1c4                . = ALIGN (0x4)
                0x1ffff1c4                _noinit = .
 *(.noinit .noinit.*)
                0x1ffff1c4                . = ALIGN (0x4)
                0x1ffff1c4                _end_noinit = .
                0x1ffff1c4                PROVIDE (end, _end_noinit)
                0x1ffff1c4                PROVIDE (_end, _end_noinit)
                0x1ffff1c4                PROVIDE (__end, _end_noinit)
                0x1ffff1c4                PROVIDE (__end__, _end_noinit)

._check_stack   0x1ffff1c4      0x100 load address 0x000028d8
                0x1ffff1c4                . = ALIGN (0x4)
                0x1ffff2c4                . = (. + _Minimum_Stack_Size)
 *fill*         0x1ffff1c4      0x100 
                0x1ffff2c4                . = ALIGN (0x4)

.bss_CCMRAM
 *(.bss.CCMRAM .bss.CCMRAM.*)

.b1text
 *(.b1text)
 *(.b1rodata)
 *(.b1rodata.*)

.eb0text
 *(.eb0text)
 *(.eb0rodata)
 *(.eb0rodata.*)

.eb1text
 *(.eb1text)
 *(.eb1rodata)
 *(.eb1rodata.*)

.eb2text
 *(.eb2text)
 *(.eb2rodata)
 *(.eb2rodata.*)

.eb3text
 *(.eb3text)
 *(.eb3rodata)
 *(.eb3rodata.*)

.stab
 *(.stab)

.stabstr
 *(.stabstr)

.stab.excl
 *(.stab.excl)

.stab.exclstr
 *(.stab.exclstr)

.stab.index
 *(.stab.index)

.stab.indexstr
 *(.stab.indexstr)

.comment        0x00000000       0x70
 *(.comment)
 .comment       0x00000000       0x70 ./system/src/newlib/_exit.o
                                 0x71 (size before relaxing)
 .comment       0x00000000       0x71 ./system/src/newlib/_sbrk.o
 .comment       0x00000000       0x71 ./system/src/newlib/_startup.o
 .comment       0x00000000       0x71 ./system/src/newlib/_syscalls.o
 .comment       0x00000000       0x71 ./system/src/newlib/_write.o
 .comment       0x00000000       0x71 ./system/src/kl25-sc/llwu.o
 .comment       0x00000000       0x71 ./system/src/diag/Trace.o
 .comment       0x00000000       0x71 ./system/src/diag/trace_impl.o
 .comment       0x00000000       0x71 ./system/src/cortexm/_initialize_hardware.o
 .comment       0x00000000       0x71 ./system/src/cortexm/exception_handlers.o
 .comment       0x00000000       0x71 ./system/src/cmsis/system_MKL25Z4.o
 .comment       0x00000000       0x71 ./system/src/cmsis/vectors_MKL25Z4.o
 .comment       0x00000000       0x71 ./src/PlatformHandler/freedom_gpio.o
 .comment       0x00000000       0x71 ./src/PlatformHandler/freedom_spi.o
 .comment       0x00000000       0x71 ./src/Ethernet/W5500/w5500.o
 .comment       0x00000000       0x71 ./src/Ethernet/wizchip_conf.o
 .comment       0x00000000       0x71 ./src/Timer.o
 .comment       0x00000000       0x71 ./src/main.o

.ARM.attributes
                0x00000000       0x32
 .ARM.attributes
                0x00000000       0x32 ./system/src/newlib/_exit.o
 .ARM.attributes
                0x00000032       0x32 ./system/src/newlib/_sbrk.o
 .ARM.attributes
                0x00000064       0x32 ./system/src/newlib/_startup.o
 .ARM.attributes
                0x00000096       0x32 ./system/src/newlib/_syscalls.o
 .ARM.attributes
                0x000000c8       0x32 ./system/src/newlib/_write.o
 .ARM.attributes
                0x000000fa       0x32 ./system/src/kl25-sc/llwu.o
 .ARM.attributes
                0x0000012c       0x32 ./system/src/diag/Trace.o
 .ARM.attributes
                0x0000015e       0x32 ./system/src/diag/trace_impl.o
 .ARM.attributes
                0x00000190       0x32 ./system/src/cortexm/_initialize_hardware.o
 .ARM.attributes
                0x000001c2       0x32 ./system/src/cortexm/exception_handlers.o
 .ARM.attributes
                0x000001f4       0x32 ./system/src/cmsis/system_MKL25Z4.o
 .ARM.attributes
                0x00000226       0x32 ./system/src/cmsis/vectors_MKL25Z4.o
 .ARM.attributes
                0x00000258       0x32 ./src/PlatformHandler/freedom_gpio.o
 .ARM.attributes
                0x0000028a       0x32 ./src/PlatformHandler/freedom_spi.o
 .ARM.attributes
                0x000002bc       0x32 ./src/Ethernet/W5500/w5500.o
 .ARM.attributes
                0x000002ee       0x32 ./src/Ethernet/wizchip_conf.o
 .ARM.attributes
                0x00000320       0x32 ./src/Timer.o
 .ARM.attributes
                0x00000352       0x32 ./src/main.o
 .ARM.attributes
                0x00000384       0x1e c:/program files (x86)/gnu tools arm embedded/4.8 2014q1/bin/../lib/gcc/arm-none-eabi/4.8.3/armv6-m\libgcc.a(_udivsi3.o)
 .ARM.attributes
                0x000003a2       0x1e c:/program files (x86)/gnu tools arm embedded/4.8 2014q1/bin/../lib/gcc/arm-none-eabi/4.8.3/armv6-m\libgcc.a(_dvmd_tls.o)
 .ARM.attributes
                0x000003c0       0x2c c:/program files (x86)/gnu tools arm embedded/4.8 2014q1/bin/../lib/gcc/arm-none-eabi/4.8.3/../../../../arm-none-eabi/lib/armv6-m\libg_s.a(lib_a-errno.o)
 .ARM.attributes
                0x000003ec       0x2c c:/program files (x86)/gnu tools arm embedded/4.8 2014q1/bin/../lib/gcc/arm-none-eabi/4.8.3/../../../../arm-none-eabi/lib/armv6-m\libg_s.a(lib_a-fwrite.o)
 .ARM.attributes
                0x00000418       0x2c c:/program files (x86)/gnu tools arm embedded/4.8 2014q1/bin/../lib/gcc/arm-none-eabi/4.8.3/../../../../arm-none-eabi/lib/armv6-m\libg_s.a(lib_a-impure.o)
 .ARM.attributes
                0x00000444       0x2c c:/program files (x86)/gnu tools arm embedded/4.8 2014q1/bin/../lib/gcc/arm-none-eabi/4.8.3/../../../../arm-none-eabi/lib/armv6-m\libg_s.a(lib_a-memcpy-stub.o)
 .ARM.attributes
                0x00000470       0x2c c:/program files (x86)/gnu tools arm embedded/4.8 2014q1/bin/../lib/gcc/arm-none-eabi/4.8.3/../../../../arm-none-eabi/lib/armv6-m\libg_s.a(lib_a-puts.o)
 .ARM.attributes
                0x0000049c       0x2c c:/program files (x86)/gnu tools arm embedded/4.8 2014q1/bin/../lib/gcc/arm-none-eabi/4.8.3/../../../../arm-none-eabi/lib/armv6-m\libg_s.a(lib_a-strlen.o)
 .ARM.attributes
                0x000004c8       0x2c c:/program files (x86)/gnu tools arm embedded/4.8 2014q1/bin/../lib/gcc/arm-none-eabi/4.8.3/../../../../arm-none-eabi/lib/armv6-m\libg_s.a(lib_a-vfprintf_i.o)
 .ARM.attributes
                0x000004f4       0x2c c:/program files (x86)/gnu tools arm embedded/4.8 2014q1/bin/../lib/gcc/arm-none-eabi/4.8.3/../../../../arm-none-eabi/lib/armv6-m\libg_s.a(lib_a-vsnprintf.o)
 .ARM.attributes
                0x00000520       0x2c c:/program files (x86)/gnu tools arm embedded/4.8 2014q1/bin/../lib/gcc/arm-none-eabi/4.8.3/../../../../arm-none-eabi/lib/armv6-m\libg_s.a(lib_a-wbuf.o)
 .ARM.attributes
                0x0000054c       0x2c c:/program files (x86)/gnu tools arm embedded/4.8 2014q1/bin/../lib/gcc/arm-none-eabi/4.8.3/../../../../arm-none-eabi/lib/armv6-m\libg_s.a(lib_a-wsetup.o)
 .ARM.attributes
                0x00000578       0x2c c:/program files (x86)/gnu tools arm embedded/4.8 2014q1/bin/../lib/gcc/arm-none-eabi/4.8.3/../../../../arm-none-eabi/lib/armv6-m\libg_s.a(lib_a-fflush.o)
 .ARM.attributes
                0x000005a4       0x2c c:/program files (x86)/gnu tools arm embedded/4.8 2014q1/bin/../lib/gcc/arm-none-eabi/4.8.3/../../../../arm-none-eabi/lib/armv6-m\libg_s.a(lib_a-findfp.o)
 .ARM.attributes
                0x000005d0       0x2c c:/program files (x86)/gnu tools arm embedded/4.8 2014q1/bin/../lib/gcc/arm-none-eabi/4.8.3/../../../../arm-none-eabi/lib/armv6-m\libg_s.a(lib_a-makebuf.o)
 .ARM.attributes
                0x000005fc       0x2c c:/program files (x86)/gnu tools arm embedded/4.8 2014q1/bin/../lib/gcc/arm-none-eabi/4.8.3/../../../../arm-none-eabi/lib/armv6-m\libg_s.a(lib_a-memchr-stub.o)
 .ARM.attributes
                0x00000628       0x2c c:/program files (x86)/gnu tools arm embedded/4.8 2014q1/bin/../lib/gcc/arm-none-eabi/4.8.3/../../../../arm-none-eabi/lib/armv6-m\libg_s.a(lib_a-memmove.o)
 .ARM.attributes
                0x00000654       0x2c c:/program files (x86)/gnu tools arm embedded/4.8 2014q1/bin/../lib/gcc/arm-none-eabi/4.8.3/../../../../arm-none-eabi/lib/armv6-m\libg_s.a(lib_a-memset.o)
 .ARM.attributes
                0x00000680       0x2c c:/program files (x86)/gnu tools arm embedded/4.8 2014q1/bin/../lib/gcc/arm-none-eabi/4.8.3/../../../../arm-none-eabi/lib/armv6-m\libg_s.a(lib_a-nano-freer.o)
 .ARM.attributes
                0x000006ac       0x2c c:/program files (x86)/gnu tools arm embedded/4.8 2014q1/bin/../lib/gcc/arm-none-eabi/4.8.3/../../../../arm-none-eabi/lib/armv6-m\libg_s.a(lib_a-nano-mallocr.o)
 .ARM.attributes
                0x000006d8       0x2c c:/program files (x86)/gnu tools arm embedded/4.8 2014q1/bin/../lib/gcc/arm-none-eabi/4.8.3/../../../../arm-none-eabi/lib/armv6-m\libg_s.a(lib_a-nano-reallocr.o)
 .ARM.attributes
                0x00000704       0x2c c:/program files (x86)/gnu tools arm embedded/4.8 2014q1/bin/../lib/gcc/arm-none-eabi/4.8.3/../../../../arm-none-eabi/lib/armv6-m\libg_s.a(lib_a-sbrkr.o)
 .ARM.attributes
                0x00000730       0x2c c:/program files (x86)/gnu tools arm embedded/4.8 2014q1/bin/../lib/gcc/arm-none-eabi/4.8.3/../../../../arm-none-eabi/lib/armv6-m\libg_s.a(lib_a-stdio.o)
 .ARM.attributes
                0x0000075c       0x2c c:/program files (x86)/gnu tools arm embedded/4.8 2014q1/bin/../lib/gcc/arm-none-eabi/4.8.3/../../../../arm-none-eabi/lib/armv6-m\libg_s.a(lib_a-svfprintf.o)
 .ARM.attributes
                0x00000788       0x2c c:/program files (x86)/gnu tools arm embedded/4.8 2014q1/bin/../lib/gcc/arm-none-eabi/4.8.3/../../../../arm-none-eabi/lib/armv6-m\libg_s.a(lib_a-writer.o)
 .ARM.attributes
                0x000007b4       0x2c c:/program files (x86)/gnu tools arm embedded/4.8 2014q1/bin/../lib/gcc/arm-none-eabi/4.8.3/../../../../arm-none-eabi/lib/armv6-m\libg_s.a(lib_a-closer.o)
 .ARM.attributes
                0x000007e0       0x2c c:/program files (x86)/gnu tools arm embedded/4.8 2014q1/bin/../lib/gcc/arm-none-eabi/4.8.3/../../../../arm-none-eabi/lib/armv6-m\libg_s.a(lib_a-fstatr.o)
 .ARM.attributes
                0x0000080c       0x2c c:/program files (x86)/gnu tools arm embedded/4.8 2014q1/bin/../lib/gcc/arm-none-eabi/4.8.3/../../../../arm-none-eabi/lib/armv6-m\libg_s.a(lib_a-isattyr.o)
 .ARM.attributes
                0x00000838       0x2c c:/program files (x86)/gnu tools arm embedded/4.8 2014q1/bin/../lib/gcc/arm-none-eabi/4.8.3/../../../../arm-none-eabi/lib/armv6-m\libg_s.a(lib_a-lseekr.o)
 .ARM.attributes
                0x00000864       0x2c c:/program files (x86)/gnu tools arm embedded/4.8 2014q1/bin/../lib/gcc/arm-none-eabi/4.8.3/../../../../arm-none-eabi/lib/armv6-m\libg_s.a(lib_a-nano-msizer.o)
 .ARM.attributes
                0x00000890       0x2c c:/program files (x86)/gnu tools arm embedded/4.8 2014q1/bin/../lib/gcc/arm-none-eabi/4.8.3/../../../../arm-none-eabi/lib/armv6-m\libg_s.a(lib_a-readr.o)

.debug
 *(.debug)

.line
 *(.line)

.debug_srcinfo
 *(.debug_srcinfo)

.debug_sfnames
 *(.debug_sfnames)

.debug_aranges  0x00000000      0x538
 *(.debug_aranges)
 .debug_aranges
                0x00000000       0x28 ./system/src/newlib/_exit.o
 .debug_aranges
                0x00000028       0x20 ./system/src/newlib/_sbrk.o
 .debug_aranges
                0x00000048       0x40 ./system/src/newlib/_startup.o
 .debug_aranges
                0x00000088       0xd0 ./system/src/newlib/_syscalls.o
 .debug_aranges
                0x00000158       0x20 ./system/src/newlib/_write.o
 .debug_aranges
                0x00000178       0x30 ./system/src/kl25-sc/llwu.o
 .debug_aranges
                0x000001a8       0x38 ./system/src/diag/Trace.o
 .debug_aranges
                0x000001e0       0x30 ./system/src/diag/trace_impl.o
 .debug_aranges
                0x00000210       0x20 ./system/src/cortexm/_initialize_hardware.o
 .debug_aranges
                0x00000230       0x48 ./system/src/cortexm/exception_handlers.o
 .debug_aranges
                0x00000278       0x28 ./system/src/cmsis/system_MKL25Z4.o
 .debug_aranges
                0x000002a0       0x20 ./system/src/cmsis/vectors_MKL25Z4.o
 .debug_aranges
                0x000002c0       0x30 ./src/PlatformHandler/freedom_gpio.o
 .debug_aranges
                0x000002f0       0x48 ./src/PlatformHandler/freedom_spi.o
 .debug_aranges
                0x00000338       0x60 ./src/Ethernet/W5500/w5500.o
 .debug_aranges
                0x00000398      0x120 ./src/Ethernet/wizchip_conf.o
 .debug_aranges
                0x000004b8       0x38 ./src/Timer.o
 .debug_aranges
                0x000004f0       0x48 ./src/main.o

.debug_pubnames
 *(.debug_pubnames)

.debug_info     0x00000000     0x6039
 *(.debug_info .gnu.linkonce.wi.*)
 .debug_info    0x00000000      0x100 ./system/src/newlib/_exit.o
 .debug_info    0x00000100      0x125 ./system/src/newlib/_sbrk.o
 .debug_info    0x00000225      0x469 ./system/src/newlib/_startup.o
 .debug_info    0x0000068e      0x8f3 ./system/src/newlib/_syscalls.o
 .debug_info    0x00000f81      0x147 ./system/src/newlib/_write.o
 .debug_info    0x000010c8      0x720 ./system/src/kl25-sc/llwu.o
 .debug_info    0x000017e8      0x325 ./system/src/diag/Trace.o
 .debug_info    0x00001b0d      0x2cf ./system/src/diag/trace_impl.o
 .debug_info    0x00001ddc       0x9d ./system/src/cortexm/_initialize_hardware.o
 .debug_info    0x00001e79       0xa5 ./system/src/cortexm/exception_handlers.o
 .debug_info    0x00001f1e      0x3f8 ./system/src/cmsis/system_MKL25Z4.o
 .debug_info    0x00002316       0xb9 ./system/src/cmsis/vectors_MKL25Z4.o
 .debug_info    0x000023cf      0x443 ./src/PlatformHandler/freedom_gpio.o
 .debug_info    0x00002812      0xaa8 ./src/PlatformHandler/freedom_spi.o
 .debug_info    0x000032ba      0x7bd ./src/Ethernet/W5500/w5500.o
 .debug_info    0x00003a77     0x1185 ./src/Ethernet/wizchip_conf.o
 .debug_info    0x00004bfc      0x483 ./src/Timer.o
 .debug_info    0x0000507f      0xfba ./src/main.o

.debug_abbrev   0x00000000     0x1a0b
 *(.debug_abbrev)
 .debug_abbrev  0x00000000       0xa4 ./system/src/newlib/_exit.o
 .debug_abbrev  0x000000a4       0xbb ./system/src/newlib/_sbrk.o
 .debug_abbrev  0x0000015f      0x1da ./system/src/newlib/_startup.o
 .debug_abbrev  0x00000339      0x178 ./system/src/newlib/_syscalls.o
 .debug_abbrev  0x000004b1       0xd7 ./system/src/newlib/_write.o
 .debug_abbrev  0x00000588      0x17d ./system/src/kl25-sc/llwu.o
 .debug_abbrev  0x00000705      0x178 ./system/src/diag/Trace.o
 .debug_abbrev  0x0000087d      0x18d ./system/src/diag/trace_impl.o
 .debug_abbrev  0x00000a0a       0x63 ./system/src/cortexm/_initialize_hardware.o
 .debug_abbrev  0x00000a6d       0x65 ./system/src/cortexm/exception_handlers.o
 .debug_abbrev  0x00000ad2      0x109 ./system/src/cmsis/system_MKL25Z4.o
 .debug_abbrev  0x00000bdb       0xa3 ./system/src/cmsis/vectors_MKL25Z4.o
 .debug_abbrev  0x00000c7e      0x147 ./src/PlatformHandler/freedom_gpio.o
 .debug_abbrev  0x00000dc5      0x22b ./src/PlatformHandler/freedom_spi.o
 .debug_abbrev  0x00000ff0      0x212 ./src/Ethernet/W5500/w5500.o
 .debug_abbrev  0x00001202      0x305 ./src/Ethernet/wizchip_conf.o
 .debug_abbrev  0x00001507      0x1b5 ./src/Timer.o
 .debug_abbrev  0x000016bc      0x34f ./src/main.o

.debug_line     0x00000000     0x3a34
 *(.debug_line)
 .debug_line    0x00000000      0x2b2 ./system/src/newlib/_exit.o
 .debug_line    0x000002b2      0x264 ./system/src/newlib/_sbrk.o
 .debug_line    0x00000516      0x327 ./system/src/newlib/_startup.o
 .debug_line    0x0000083d      0x4e5 ./system/src/newlib/_syscalls.o
 .debug_line    0x00000d22      0x298 ./system/src/newlib/_write.o
 .debug_line    0x00000fba      0x420 ./system/src/kl25-sc/llwu.o
 .debug_line    0x000013da      0x381 ./system/src/diag/Trace.o
 .debug_line    0x0000175b      0x381 ./system/src/diag/trace_impl.o
 .debug_line    0x00001adc      0x270 ./system/src/cortexm/_initialize_hardware.o
 .debug_line    0x00001d4c       0x97 ./system/src/cortexm/exception_handlers.o
 .debug_line    0x00001de3      0x2a5 ./system/src/cmsis/system_MKL25Z4.o
 .debug_line    0x00002088       0x87 ./system/src/cmsis/vectors_MKL25Z4.o
 .debug_line    0x0000210f      0x3f6 ./src/PlatformHandler/freedom_gpio.o
 .debug_line    0x00002505      0x4aa ./src/PlatformHandler/freedom_spi.o
 .debug_line    0x000029af      0x309 ./src/Ethernet/W5500/w5500.o
 .debug_line    0x00002cb8      0x5db ./src/Ethernet/wizchip_conf.o
 .debug_line    0x00003293      0x2e8 ./src/Timer.o
 .debug_line    0x0000357b      0x4b9 ./src/main.o

.debug_frame    0x00000000     0x12c0
 *(.debug_frame)
 .debug_frame   0x00000000       0x38 ./system/src/newlib/_exit.o
 .debug_frame   0x00000038       0x28 ./system/src/newlib/_sbrk.o
 .debug_frame   0x00000060       0x84 ./system/src/newlib/_startup.o
 .debug_frame   0x000000e4      0x230 ./system/src/newlib/_syscalls.o
 .debug_frame   0x00000314       0x28 ./system/src/newlib/_write.o
 .debug_frame   0x0000033c       0x60 ./system/src/kl25-sc/llwu.o
 .debug_frame   0x0000039c       0x80 ./system/src/diag/Trace.o
 .debug_frame   0x0000041c       0x58 ./system/src/diag/trace_impl.o
 .debug_frame   0x00000474       0x28 ./system/src/cortexm/_initialize_hardware.o
 .debug_frame   0x0000049c       0x78 ./system/src/cortexm/exception_handlers.o
 .debug_frame   0x00000514       0x3c ./system/src/cmsis/system_MKL25Z4.o
 .debug_frame   0x00000550       0x20 ./system/src/cmsis/vectors_MKL25Z4.o
 .debug_frame   0x00000570       0x48 ./src/PlatformHandler/freedom_gpio.o
 .debug_frame   0x000005b8       0x8c ./src/PlatformHandler/freedom_spi.o
 .debug_frame   0x00000644      0x144 ./src/Ethernet/W5500/w5500.o
 .debug_frame   0x00000788      0x2f0 ./src/Ethernet/wizchip_conf.o
 .debug_frame   0x00000a78       0x60 ./src/Timer.o
 .debug_frame   0x00000ad8       0x8c ./src/main.o
 .debug_frame   0x00000b64       0x20 c:/program files (x86)/gnu tools arm embedded/4.8 2014q1/bin/../lib/gcc/arm-none-eabi/4.8.3/armv6-m\libgcc.a(_udivsi3.o)
 .debug_frame   0x00000b84       0x20 c:/program files (x86)/gnu tools arm embedded/4.8 2014q1/bin/../lib/gcc/arm-none-eabi/4.8.3/../../../../arm-none-eabi/lib/armv6-m\libg_s.a(lib_a-errno.o)
 .debug_frame   0x00000ba4       0x54 c:/program files (x86)/gnu tools arm embedded/4.8 2014q1/bin/../lib/gcc/arm-none-eabi/4.8.3/../../../../arm-none-eabi/lib/armv6-m\libg_s.a(lib_a-fwrite.o)
 .debug_frame   0x00000bf8       0x28 c:/program files (x86)/gnu tools arm embedded/4.8 2014q1/bin/../lib/gcc/arm-none-eabi/4.8.3/../../../../arm-none-eabi/lib/armv6-m\libg_s.a(lib_a-memcpy-stub.o)
 .debug_frame   0x00000c20       0x44 c:/program files (x86)/gnu tools arm embedded/4.8 2014q1/bin/../lib/gcc/arm-none-eabi/4.8.3/../../../../arm-none-eabi/lib/armv6-m\libg_s.a(lib_a-puts.o)
 .debug_frame   0x00000c64       0x20 c:/program files (x86)/gnu tools arm embedded/4.8 2014q1/bin/../lib/gcc/arm-none-eabi/4.8.3/../../../../arm-none-eabi/lib/armv6-m\libg_s.a(lib_a-strlen.o)
 .debug_frame   0x00000c84       0x54 c:/program files (x86)/gnu tools arm embedded/4.8 2014q1/bin/../lib/gcc/arm-none-eabi/4.8.3/../../../../arm-none-eabi/lib/armv6-m\libg_s.a(lib_a-vfprintf_i.o)
 .debug_frame   0x00000cd8       0x4c c:/program files (x86)/gnu tools arm embedded/4.8 2014q1/bin/../lib/gcc/arm-none-eabi/4.8.3/../../../../arm-none-eabi/lib/armv6-m\libg_s.a(lib_a-vsnprintf.o)
 .debug_frame   0x00000d24       0x44 c:/program files (x86)/gnu tools arm embedded/4.8 2014q1/bin/../lib/gcc/arm-none-eabi/4.8.3/../../../../arm-none-eabi/lib/armv6-m\libg_s.a(lib_a-wbuf.o)
 .debug_frame   0x00000d68       0x2c c:/program files (x86)/gnu tools arm embedded/4.8 2014q1/bin/../lib/gcc/arm-none-eabi/4.8.3/../../../../arm-none-eabi/lib/armv6-m\libg_s.a(lib_a-wsetup.o)
 .debug_frame   0x00000d94       0x68 c:/program files (x86)/gnu tools arm embedded/4.8 2014q1/bin/../lib/gcc/arm-none-eabi/4.8.3/../../../../arm-none-eabi/lib/armv6-m\libg_s.a(lib_a-fflush.o)
 .debug_frame   0x00000dfc      0x148 c:/program files (x86)/gnu tools arm embedded/4.8 2014q1/bin/../lib/gcc/arm-none-eabi/4.8.3/../../../../arm-none-eabi/lib/armv6-m\libg_s.a(lib_a-findfp.o)
 .debug_frame   0x00000f44       0x30 c:/program files (x86)/gnu tools arm embedded/4.8 2014q1/bin/../lib/gcc/arm-none-eabi/4.8.3/../../../../arm-none-eabi/lib/armv6-m\libg_s.a(lib_a-makebuf.o)
 .debug_frame   0x00000f74       0x20 c:/program files (x86)/gnu tools arm embedded/4.8 2014q1/bin/../lib/gcc/arm-none-eabi/4.8.3/../../../../arm-none-eabi/lib/armv6-m\libg_s.a(lib_a-memchr-stub.o)
 .debug_frame   0x00000f94       0x2c c:/program files (x86)/gnu tools arm embedded/4.8 2014q1/bin/../lib/gcc/arm-none-eabi/4.8.3/../../../../arm-none-eabi/lib/armv6-m\libg_s.a(lib_a-memmove.o)
 .debug_frame   0x00000fc0       0x20 c:/program files (x86)/gnu tools arm embedded/4.8 2014q1/bin/../lib/gcc/arm-none-eabi/4.8.3/../../../../arm-none-eabi/lib/armv6-m\libg_s.a(lib_a-memset.o)
 .debug_frame   0x00000fe0       0x2c c:/program files (x86)/gnu tools arm embedded/4.8 2014q1/bin/../lib/gcc/arm-none-eabi/4.8.3/../../../../arm-none-eabi/lib/armv6-m\libg_s.a(lib_a-nano-freer.o)
 .debug_frame   0x0000100c       0x2c c:/program files (x86)/gnu tools arm embedded/4.8 2014q1/bin/../lib/gcc/arm-none-eabi/4.8.3/../../../../arm-none-eabi/lib/armv6-m\libg_s.a(lib_a-nano-mallocr.o)
 .debug_frame   0x00001038       0x30 c:/program files (x86)/gnu tools arm embedded/4.8 2014q1/bin/../lib/gcc/arm-none-eabi/4.8.3/../../../../arm-none-eabi/lib/armv6-m\libg_s.a(lib_a-nano-reallocr.o)
 .debug_frame   0x00001068       0x2c c:/program files (x86)/gnu tools arm embedded/4.8 2014q1/bin/../lib/gcc/arm-none-eabi/4.8.3/../../../../arm-none-eabi/lib/armv6-m\libg_s.a(lib_a-sbrkr.o)
 .debug_frame   0x00001094       0x90 c:/program files (x86)/gnu tools arm embedded/4.8 2014q1/bin/../lib/gcc/arm-none-eabi/4.8.3/../../../../arm-none-eabi/lib/armv6-m\libg_s.a(lib_a-stdio.o)
 .debug_frame   0x00001124       0x74 c:/program files (x86)/gnu tools arm embedded/4.8 2014q1/bin/../lib/gcc/arm-none-eabi/4.8.3/../../../../arm-none-eabi/lib/armv6-m\libg_s.a(lib_a-svfprintf.o)
 .debug_frame   0x00001198       0x2c c:/program files (x86)/gnu tools arm embedded/4.8 2014q1/bin/../lib/gcc/arm-none-eabi/4.8.3/../../../../arm-none-eabi/lib/armv6-m\libg_s.a(lib_a-writer.o)
 .debug_frame   0x000011c4       0x2c c:/program files (x86)/gnu tools arm embedded/4.8 2014q1/bin/../lib/gcc/arm-none-eabi/4.8.3/../../../../arm-none-eabi/lib/armv6-m\libg_s.a(lib_a-closer.o)
 .debug_frame   0x000011f0       0x2c c:/program files (x86)/gnu tools arm embedded/4.8 2014q1/bin/../lib/gcc/arm-none-eabi/4.8.3/../../../../arm-none-eabi/lib/armv6-m\libg_s.a(lib_a-fstatr.o)
 .debug_frame   0x0000121c       0x2c c:/program files (x86)/gnu tools arm embedded/4.8 2014q1/bin/../lib/gcc/arm-none-eabi/4.8.3/../../../../arm-none-eabi/lib/armv6-m\libg_s.a(lib_a-isattyr.o)
 .debug_frame   0x00001248       0x2c c:/program files (x86)/gnu tools arm embedded/4.8 2014q1/bin/../lib/gcc/arm-none-eabi/4.8.3/../../../../arm-none-eabi/lib/armv6-m\libg_s.a(lib_a-lseekr.o)
 .debug_frame   0x00001274       0x20 c:/program files (x86)/gnu tools arm embedded/4.8 2014q1/bin/../lib/gcc/arm-none-eabi/4.8.3/../../../../arm-none-eabi/lib/armv6-m\libg_s.a(lib_a-nano-msizer.o)
 .debug_frame   0x00001294       0x2c c:/program files (x86)/gnu tools arm embedded/4.8 2014q1/bin/../lib/gcc/arm-none-eabi/4.8.3/../../../../arm-none-eabi/lib/armv6-m\libg_s.a(lib_a-readr.o)

.debug_str      0x00000000    0x2d2f0
 *(.debug_str)
 .debug_str     0x00000000     0x4c85 ./system/src/newlib/_exit.o
                               0x4da6 (size before relaxing)
 .debug_str     0x00004c85      0x4de ./system/src/newlib/_sbrk.o
                               0x435c (size before relaxing)
 .debug_str     0x00005163      0xa6c ./system/src/newlib/_startup.o
                               0x3dcc (size before relaxing)
 .debug_str     0x00005bcf      0xe37 ./system/src/newlib/_syscalls.o
                               0x521b (size before relaxing)
 .debug_str     0x00006a06       0x39 ./system/src/newlib/_write.o
                               0x513c (size before relaxing)
 .debug_str     0x00006a3f    0x20c1b ./system/src/kl25-sc/llwu.o
                              0x2577b (size before relaxing)
 .debug_str     0x0002765a     0x1023 ./system/src/diag/Trace.o
                               0x648d (size before relaxing)
 .debug_str     0x0002867d      0x346 ./system/src/diag/trace_impl.o
                              0x18fae (size before relaxing)
 .debug_str     0x000289c3       0x38 ./system/src/cortexm/_initialize_hardware.o
                              0x1712d (size before relaxing)
 .debug_str     0x000289fb       0xa1 ./system/src/cortexm/exception_handlers.o
                               0x23a1 (size before relaxing)
 .debug_str     0x00028a9c      0x113 ./system/src/cmsis/system_MKL25Z4.o
                              0x172da (size before relaxing)
 .debug_str     0x00028baf       0xf6 ./system/src/cmsis/vectors_MKL25Z4.o
                               0x2424 (size before relaxing)
 .debug_str     0x00028ca5      0xbc1 ./src/PlatformHandler/freedom_gpio.o
                              0x25ab8 (size before relaxing)
 .debug_str     0x00029866      0x39d ./src/PlatformHandler/freedom_spi.o
                              0x25e24 (size before relaxing)
 .debug_str     0x00029c03     0x2b7f ./src/Ethernet/W5500/w5500.o
                               0x59cb (size before relaxing)
 .debug_str     0x0002c782      0x61a ./src/Ethernet/wizchip_conf.o
                               0x6227 (size before relaxing)
 .debug_str     0x0002cd9c       0xcc ./src/Timer.o
                              0x17429 (size before relaxing)
 .debug_str     0x0002ce68      0x488 ./src/main.o
                              0x29877 (size before relaxing)

.debug_loc      0x00000000     0x1cb3
 *(.debug_loc)
 .debug_loc     0x00000000       0x70 ./system/src/newlib/_sbrk.o
 .debug_loc     0x00000070      0x265 ./system/src/newlib/_startup.o
 .debug_loc     0x000002d5      0x549 ./system/src/newlib/_syscalls.o
 .debug_loc     0x0000081e       0xc6 ./system/src/newlib/_write.o
 .debug_loc     0x000008e4      0x184 ./system/src/kl25-sc/llwu.o
 .debug_loc     0x00000a68       0xf7 ./system/src/diag/Trace.o
 .debug_loc     0x00000b5f      0x193 ./system/src/diag/trace_impl.o
 .debug_loc     0x00000cf2       0xa4 ./system/src/cmsis/system_MKL25Z4.o
 .debug_loc     0x00000d96       0x7c ./src/PlatformHandler/freedom_gpio.o
 .debug_loc     0x00000e12      0x555 ./src/Ethernet/W5500/w5500.o
 .debug_loc     0x00001367      0x8b1 ./src/Ethernet/wizchip_conf.o
 .debug_loc     0x00001c18       0x59 ./src/Timer.o
 .debug_loc     0x00001c71       0x42 ./src/main.o

.debug_macinfo
 *(.debug_macinfo)

.debug_weaknames
 *(.debug_weaknames)

.debug_funcnames
 *(.debug_funcnames)

.debug_typenames
 *(.debug_typenames)

.debug_varnames
 *(.debug_varnames)
OUTPUT(FRDM-KL25Z.elf elf32-littlearm)

.debug_ranges   0x00000000      0x430
 .debug_ranges  0x00000000       0x18 ./system/src/newlib/_exit.o
 .debug_ranges  0x00000018       0x10 ./system/src/newlib/_sbrk.o
 .debug_ranges  0x00000028       0x48 ./system/src/newlib/_startup.o
 .debug_ranges  0x00000070       0xc0 ./system/src/newlib/_syscalls.o
 .debug_ranges  0x00000130       0x10 ./system/src/newlib/_write.o
 .debug_ranges  0x00000140       0x20 ./system/src/kl25-sc/llwu.o
 .debug_ranges  0x00000160       0x28 ./system/src/diag/Trace.o
 .debug_ranges  0x00000188       0x20 ./system/src/diag/trace_impl.o
 .debug_ranges  0x000001a8       0x10 ./system/src/cortexm/_initialize_hardware.o
 .debug_ranges  0x000001b8       0x38 ./system/src/cortexm/exception_handlers.o
 .debug_ranges  0x000001f0       0x18 ./system/src/cmsis/system_MKL25Z4.o
 .debug_ranges  0x00000208       0x10 ./system/src/cmsis/vectors_MKL25Z4.o
 .debug_ranges  0x00000218       0x20 ./src/PlatformHandler/freedom_gpio.o
 .debug_ranges  0x00000238       0x38 ./src/PlatformHandler/freedom_spi.o
 .debug_ranges  0x00000270       0x50 ./src/Ethernet/W5500/w5500.o
 .debug_ranges  0x000002c0      0x110 ./src/Ethernet/wizchip_conf.o
 .debug_ranges  0x000003d0       0x28 ./src/Timer.o
 .debug_ranges  0x000003f8       0x38 ./src/main.o

.debug_macro    0x00000000     0x2ef8
 .debug_macro   0x00000000      0x11b ./system/src/newlib/_exit.o
 .debug_macro   0x0000011b      0x826 ./system/src/newlib/_exit.o
 .debug_macro   0x00000941       0xa3 ./system/src/newlib/_exit.o
 .debug_macro   0x000009e4      0x10e ./system/src/newlib/_exit.o
 .debug_macro   0x00000af2       0x86 ./system/src/newlib/_exit.o
 .debug_macro   0x00000b78       0x43 ./system/src/newlib/_exit.o
 .debug_macro   0x00000bbb       0x10 ./system/src/newlib/_exit.o
 .debug_macro   0x00000bcb       0x35 ./system/src/newlib/_exit.o
 .debug_macro   0x00000c00       0xd1 ./system/src/newlib/_sbrk.o
 .debug_macro   0x00000cd1       0x19 ./system/src/newlib/_sbrk.o
 .debug_macro   0x00000cea      0x16d ./system/src/newlib/_sbrk.o
 .debug_macro   0x00000e57       0x10 ./system/src/newlib/_sbrk.o
 .debug_macro   0x00000e67      0x23b ./system/src/newlib/_sbrk.o
 .debug_macro   0x000010a2       0xe7 ./system/src/newlib/_startup.o
 .debug_macro   0x00001189       0x44 ./system/src/newlib/_startup.o
 .debug_macro   0x000011cd      0x209 ./system/src/newlib/_startup.o
 .debug_macro   0x000013d6      0x169 ./system/src/newlib/_syscalls.o
 .debug_macro   0x0000153f       0x1c ./system/src/newlib/_syscalls.o
 .debug_macro   0x0000155b       0x10 ./system/src/newlib/_syscalls.o
 .debug_macro   0x0000156b       0x10 ./system/src/newlib/_syscalls.o
 .debug_macro   0x0000157b       0x10 ./system/src/newlib/_syscalls.o
 .debug_macro   0x0000158b       0x35 ./system/src/newlib/_syscalls.o
 .debug_macro   0x000015c0      0x120 ./system/src/newlib/_syscalls.o
 .debug_macro   0x000016e0       0x22 ./system/src/newlib/_syscalls.o
 .debug_macro   0x00001702       0x2b ./system/src/newlib/_syscalls.o
 .debug_macro   0x0000172d      0x118 ./system/src/newlib/_syscalls.o
 .debug_macro   0x00001845      0x13a ./system/src/newlib/_syscalls.o
 .debug_macro   0x0000197f       0x16 ./system/src/newlib/_syscalls.o
 .debug_macro   0x00001995       0xfb ./system/src/newlib/_write.o
 .debug_macro   0x00001a90      0x1c1 ./system/src/kl25-sc/llwu.o
 .debug_macro   0x00001c51       0x52 ./system/src/kl25-sc/llwu.o
 .debug_macro   0x00001ca3      0x1fa ./system/src/kl25-sc/llwu.o
 .debug_macro   0x00001e9d      0x15a ./system/src/diag/Trace.o
 .debug_macro   0x00001ff7      0x283 ./system/src/diag/Trace.o
 .debug_macro   0x0000227a       0x10 ./system/src/diag/Trace.o
 .debug_macro   0x0000228a       0x1f ./system/src/diag/Trace.o
 .debug_macro   0x000022a9      0x147 ./system/src/diag/trace_impl.o
 .debug_macro   0x000023f0       0x22 ./system/src/diag/trace_impl.o
 .debug_macro   0x00002412       0x8a ./system/src/cortexm/_initialize_hardware.o
 .debug_macro   0x0000249c       0x1b ./system/src/cortexm/exception_handlers.o
 .debug_macro   0x000024b7       0xa3 ./system/src/cmsis/system_MKL25Z4.o
 .debug_macro   0x0000255a       0x39 ./system/src/cmsis/vectors_MKL25Z4.o
 .debug_macro   0x00002593      0x1d6 ./src/PlatformHandler/freedom_gpio.o
 .debug_macro   0x00002769      0x1c2 ./src/PlatformHandler/freedom_gpio.o
 .debug_macro   0x0000292b      0x1d6 ./src/PlatformHandler/freedom_spi.o
 .debug_macro   0x00002b01       0x7b ./src/Ethernet/W5500/w5500.o
 .debug_macro   0x00002b7c       0x46 ./src/Ethernet/W5500/w5500.o
 .debug_macro   0x00002bc2       0x72 ./src/Ethernet/wizchip_conf.o
 .debug_macro   0x00002c34       0xa4 ./src/Timer.o
 .debug_macro   0x00002cd8      0x220 ./src/main.o
